// Jest Snapshot v1, https://goo.gl/fbAQLP

exports[`CustomCard.vue should have a custom title and match snapshot 1`] = `
<v-container title="Foobar">
  <v-row class="text-center">
    <v-col cols="12">
      <v-img src="" contain="" height="200" class="my-3"></v-img>
    </v-col>
    <v-col class="mb-4">
      <h1 class="display-2 font-weight-bold mb-3">
        Welcome to Vuetify
      </h1>
      <p class="subheading font-weight-regular">
        For help and collaboration with other Vuetify developers,
        <br>please join our online
        <a href="https://community.vuetifyjs.com" target="_blank">Discord Community</a>
      </p>
    </v-col>
    <v-col cols="12" class="mb-5">
      <h2 class="headline font-weight-bold mb-3">
        What's next?
      </h2>
      <v-row justify="center"><a href="https://vuetifyjs.com/components/api-explorer" target="_blank" class="subheading mx-3">
          Explore components
        </a><a href="https://vuetifyjs.com/getting-started/pre-made-layouts" target="_blank" class="subheading mx-3">
          Select a layout
        </a><a href="https://vuetifyjs.com/getting-started/frequently-asked-questions" target="_blank" class="subheading mx-3">
          Frequently Asked Questions
        </a></v-row>
    </v-col>
    <v-col cols="12" class="mb-5">
      <h2 class="headline font-weight-bold mb-3">
        Important Links
      </h2>
      <v-row justify="center"><a href="https://vuetifyjs.com" target="_blank" class="subheading mx-3">
          Documentation
        </a><a href="https://community.vuetifyjs.com" target="_blank" class="subheading mx-3">
          Chat
        </a><a href="https://madewithvuejs.com/vuetify" target="_blank" class="subheading mx-3">
          Made with Vuetify
        </a><a href="https://twitter.com/vuetifyjs" target="_blank" class="subheading mx-3">
          Twitter
        </a><a href="https://medium.com/vuetify" target="_blank" class="subheading mx-3">
          Articles
        </a></v-row>
    </v-col>
    <v-col cols="12" class="mb-5">
      <h2 class="headline font-weight-bold mb-3">
        Ecosystem
      </h2>
      <v-row justify="center"><a href="https://github.com/vuetifyjs/vuetify-loader" target="_blank" class="subheading mx-3">
          vuetify-loader
        </a><a href="https://github.com/vuetifyjs/vuetify" target="_blank" class="subheading mx-3">
          github
        </a><a href="https://github.com/vuetifyjs/awesome-vuetify" target="_blank" class="subheading mx-3">
          awesome-vuetify
        </a></v-row>
    </v-col>
  </v-row>
</v-container>
`;
